// Jest Snapshot v1, https://goo.gl/fbAQLP

exports[`Content Rating should render without throwing an error 1`] = `
<Fragment>
  <h4>
    Content Rating
  </h4>
  <styled.span>
    <img
      data-src="https://www.themoviedb.org/assets/2/flags_v2/24/US-e86237650fc6e4b6f2255f3266bab2099e441962200f2da54d1aa34a3205ee86.png"
      data-srcset="https://www.themoviedb.org/assets/2/flags_v2/24/US-e86237650fc6e4b6f2255f3266bab2099e441962200f2da54d1aa34a3205ee86.png 1x, https://www.themoviedb.org/assets/2/flags_v2/48/US-fc54af6e5c8237200d49fd6a49061fffeb8a7217bb9000acd1c02039b65b22ba.png 2x, https://www.themoviedb.org/assets/2/flags_v2/64/US-35bf08cd02d9c5ebef38cbfbd47c1c06f4d06203f8f0e5dce2d20c6cfb0281a7.png 3x"
      height="24"
      src="https://www.themoviedb.org/assets/2/flags_v2/24/US-e86237650fc6e4b6f2255f3266bab2099e441962200f2da54d1aa34a3205ee86.png"
      srcSet="https://www.themoviedb.org/assets/2/flags_v2/24/US-e86237650fc6e4b6f2255f3266bab2099e441962200f2da54d1aa34a3205ee86.png 1x, https://www.themoviedb.org/assets/2/flags_v2/48/US-fc54af6e5c8237200d49fd6a49061fffeb8a7217bb9000acd1c02039b65b22ba.png 2x, https://www.themoviedb.org/assets/2/flags_v2/64/US-35bf08cd02d9c5ebef38cbfbd47c1c06f4d06203f8f0e5dce2d20c6cfb0281a7.png 3x"
      width="24"
    />
    <styled.div>
      TV-14
    </styled.div>
  </styled.span>
</Fragment>
`;
